<html>
<body>
<pre>
<h1>µVision Build Log</h1>
<h2>Tool Versions:</h2>
IDE-Version: µVision V5.29.0.0
Copyright (C) 2019 ARM Ltd and ARM Germany GmbH. All rights reserved.
License Information: Jan Kowalski, AGH, LIC=----
 
Tool Versions:
Toolchain:       MDK-Lite  Version: 5.29.0.0
Toolchain Path:  C:\Keil_v5\ARM\ARMCC\Bin
C Compiler:      Armcc.exe V5.06 update 6 (build 750)
Assembler:       Armasm.exe V5.06 update 6 (build 750)
Linker/Locator:  ArmLink.exe V5.06 update 6 (build 750)
Library Manager: ArmAr.exe V5.06 update 6 (build 750)
Hex Converter:   FromElf.exe V5.06 update 6 (build 750)
CPU DLL:         SARMCM3.DLL V5.29.0.0
Dialog DLL:      DARMCM1.DLL V1.19.2.0
Target DLL:      UL2CM3.DLL V1.163.0.0
Dialog DLL:      TARMCM1.DLL V1.14.1.0
 
<h2>Project:</h2>
D:\Semestr 5\uprocki\Cube888RGB\Cube888RGB.uvprojx
Project File Date:  12/12/2019

<h2>Output:</h2>
*** Using Compiler 'V5.06 update 6 (build 750)', folder: 'C:\Keil_v5\ARM\ARMCC\Bin'
Build target 'Cube888RGB'
assembling startup_MKL46Z4.s...
compiling main.c...
compiling system_MKL46Z4.c...
RTE\Device\MKL46Z256xxx4\system_MKL46Z4.c(109): warning:  #2532-D: support for trigraphs is disabled
    /* SIM->CLKDIV1: OUTDIV1=0,??=0,??=0,??=0,??=0,??=0,??=0,??=0,??=0,??=0,OUTDIV4=2,??=0,??=0,??=0,??=0,??=0,??=0,??=0,??=0,??=0,??=0,??=0,??=0,??=0,??=0,??=0,??=0 */
RTE\Device\MKL46Z256xxx4\system_MKL46Z4.c: 1 warning, 0 errors
linking...
Program Size: Code=424 RO-data=616 RW-data=0 ZI-data=352  
".\Objects\Cube888RGB.axf" - 0 Error(s), 1 Warning(s).

<h2>Software Packages used:</h2>

Package Vendor: ARM
                http://www.keil.com/pack/ARM.CMSIS.5.6.0.pack
                ARM.CMSIS.5.6.0
                CMSIS (Cortex Microcontroller Software Interface Standard)
   * Component: CORE Version: 5.3.0

Package Vendor: Keil
                http://www.keil.com/pack/Keil.Kinetis_KLxx_DFP.1.3.0.pack
                Keil.Kinetis_KLxx_DFP.1.3.0
                Freescale Kinetis KLxx Series Device Support and Examples
   * Component: Startup Version: 1.0.0

<h2>Collection of Component include folders:</h2>
  .\RTE\_Cube888RGB
  C:\Users\Admin\AppData\Local\Arm\Packs\ARM\CMSIS\5.6.0\CMSIS\Core\Include
  C:\Users\Admin\AppData\Local\Arm\Packs\Keil\Kinetis_KLxx_DFP\1.3.0\Device\Include

<h2>Collection of Component Files used:</h2>

   * Component: ARM::CMSIS:CORE:5.3.0

   * Component: Keil::Device:Startup:1.0.0
      Source file:   Device\Source\system_MKL46Z4.c
      Source file:   Device\Source\ARM\startup_MKL46Z4.s
Build Time Elapsed:  00:00:00
</pre>
</body>
</html>
